// Jest Snapshot v1, https://goo.gl/fbAQLP

exports[`Uploader renders a file uploader 1`] = `
<div
  aria-disabled={false}
  className="dropzone d-flex justify-content-center align-items-center"
  onClick={[Function]}
  onDragEnter={[Function]}
  onDragLeave={[Function]}
  onDragOver={[Function]}
  onDragStart={[Function]}
  onDrop={[Function]}
  style={
    Object {
      "position": "relative",
    }
  }
>
  <h6
    className="text-uppercase"
  >
    Drop your files here or click to open the file explorer
  </h6>
  <input
    accept="image/jpeg, image/png"
    autoComplete="off"
    disabled={false}
    multiple={true}
    onChange={[Function]}
    style={
      Object {
        "bottom": 0,
        "left": 0,
        "opacity": 0.00001,
        "pointerEvents": "none",
        "position": "absolute",
        "right": 0,
        "top": 0,
      }
    }
    type="file"
  />
</div>
`;
