// Jest Snapshot v1, https://goo.gl/fbAQLP

exports[`Uploader renders the file uploader 1`] = `
<n
  accept="image/jpeg, image/png"
  activeClassName="dropzone--active"
  className="dropzone d-flex justify-content-center align-items-center shadow"
  disableClick={false}
  disabled={false}
  getDataTransferItems={[Function]}
  inputProps={Object {}}
  maxSize={Infinity}
  minSize={0}
  multiple={true}
  preventDropOnDocument={true}
>
  <h6
    className="text-uppercase text-center"
  >
    Drop your files here or click to open the file explorer
  </h6>
</n>
`;
